[
  {
    Id: Guid_1,
    Property: 'Value1'
  }
]